// Jest Snapshot v1, https://goo.gl/fbAQLP

exports[`calculator screen component is passing calculator component 1`] = `
"
	<div class="column is-one-fifth is-offset-5">
		<div id="body-calc-id" class="box">
    		<div class="container mb-2">	
	
				<input type="text" placeholder="0" id="calculator-screen" class="input is-white has-text-right is-size-3 px-0 py-6 mb-4 is-shadowless has-text-weight-semibold"
    	            size="8" />

    	        			
		<div id="buttonsFirstLine" class="columns is-justify-content-center">
			<button class="button button is-large is-light m-2 is-fullwidth is-one-fifth has-text-danger" data-value="C"><i class='fa-solid fa-c'></i></button>
			<button class="button button is-large is-light m-2 is-fullwidth is-one-fifth has-text-warning" data-value="+/-"><i class='fa-solid fa-plus-minus'></i></button>
			<button class="button button is-large is-light m-2 is-fullwidth is-one-fifth has-text-warning" data-value="D"><i class='fa-solid fa-delete-left'></i></button>
			<button class="button button is-large is-light m-2 is-fullwidth is-one-fifth has-text-warning" data-value="%"><i class='fa-solid fa-percent'></i></button>
		</div>
    	        			
		<div id="buttonsSecondLine" class="columns is-justify-content-center">
			<button class="button button is-large is-light m-2 is-fullwidth is-one-fifth " data-value="1"><i class="fa-solid fa-1"></i></button>
			<button class="button button is-large is-light m-2 is-fullwidth is-one-fifth " data-value="2"><i class="fa-solid fa-2"></i></button>
			<button class="button button is-large is-light m-2 is-fullwidth is-one-fifth " data-value="3"><i class="fa-solid fa-3"></i></button>
			<button class="button button is-large is-light m-2 is-fullwidth is-one-fifth has-text-warning" data-value="/"><i class='fa-solid fa-divide'></i></button>
		</div>
    	        			
		<div id="buttonsThirdLine" class="columns is-justify-content-center">
			<button class="button button is-large is-light m-2 is-fullwidth is-one-fifth " data-value="4"><i class="fa-solid fa-4"></i></button>
			<button class="button button is-large is-light m-2 is-fullwidth is-one-fifth " data-value="5"><i class="fa-solid fa-5"></i></button>
			<button class="button button is-large is-light m-2 is-fullwidth is-one-fifth " data-value="6"><i class="fa-solid fa-6"></i></button>
			<button class="button button is-large is-light m-2 is-fullwidth is-one-fifth has-text-warning" data-value="*"><i class='fa-solid fa-asterisk'></i></button>
		</div>
    	        			
		<div id="buttonsFourthLine" class="columns is-justify-content-center">
			<button class="button button is-large is-light m-2 is-fullwidth is-one-fifth " data-value="7"><i class="fa-solid fa-7"></i></button>
			<button class="button button is-large is-light m-2 is-fullwidth is-one-fifth " data-value="8"><i class="fa-solid fa-8"></i></button>
			<button class="button button is-large is-light m-2 is-fullwidth is-one-fifth " data-value="9"><i class="fa-solid fa-9"></i></button>
			<button class="button button is-large is-light m-2 is-fullwidth is-one-fifth has-text-warning" data-value="+"><i class='fa-solid fa-plus'></i></button>
		</div>
    	        			
		<div id="buttonsFifthLine" class="columns is-justify-content-center">
			<button class="button button is-large is-light m-2 is-fullwidth is-one-fifth " data-value="0"><i class="fa-solid fa-0"></i></button>
			<button class="button button is-large is-light m-2 is-fullwidth is-one-fifth " data-value="."><i class='fa-solid fa-period'>.</i></button>
			<button class="button button is-large is-light m-2 is-fullwidth is-one-fifth has-background-warning has-text-white" data-value="="><i class='fa-solid fa-equals'></i></button>
			<button class="button button is-large is-light m-2 is-fullwidth is-one-fifth has-text-warning" data-value="-"><i class='fa-solid fa-minus'></i></button>
		</div>
			</div>
		</div>
	</div>
    "
`;
