// Jest Snapshot v1, https://goo.gl/fbAQLP

exports[`calculator screen component is passing calculator screen 1`] = `
"
    <div id="body-calc-id">
        <div id="screen">
            <input type="text" placeholder="0" id="input-screen-id">
        </div>
        <div id="buttons-dIv-id">
            <button class="buttons-class">buttons-content</button>
            <button class="buttons-class">buttons-content</button>
        </div>
    </div>
    "
`;
